social.hlp
help.hlp
olc.hlp
rom.hlp
group.hlp
dragisl.are
zapovednik.are
fomagic.are
amazonki.are
SsinVerin.are
sorgtower.are
blackmountains.are
twilight.are
northpath.are
kolodec.are
karnal_dor.are
sure.are
der.are
Nellas.are
podzem_lab.are
protivos.are
gnom_d.are
ispyt.are
Gardburg.are
shadlandia.are
orlean.are
kolizey.are
stalkers.are
perfect.are
sclep.are
osada.are
zhiv_les.are
roadastral.are
hcity.are
taigin.are
gold.are
bfort.are
krossroad.are
zanzar.are
darkwood.are
naem.are
kelton.are
niel.are
etemple.are
ghosts.are
Tortuga.are
sanct_ci.are
limbo.are
Norb.are
raynak.are
ice_desert.are
darkles.are
immort.are
outcast.are
unwill.are
sirena.are
lesochek.are
austral.are
prison.are
shadowmaster.are
kulagisland.are
kish.are
sorg.are
castle.are
tunn_hak.are
narn.are
casino.are
hindu_v.are
scho.are
island.are
ice.are
camelot.are
chess2.are
midgaard.are
newthalos.are
shire.are
plains.are
arachnos.are
haon.are
air.are
astral.are
canyon.are
catacomb.are
chapel.are
daycare.are
draconia.are
drow.are
dwarven.are
dylan.are
eastern.are
trolgrad.are
gnome.are
grave.are
hitower.are
hood.are
mahntor.are
marsh.are
midennir.are
mobfact.are
moria.are
olympus.are
pyramid.are
sewer.are
school.are
smurf.are
trollden.are
valley.are
thalos.are
redferne.are
wyvern.are
grove.are
tohell.are
zoo3.are
zoology.are
mirkwd2.are
ciquala2.are
ship.are
rus.are
dragem_rock.are
orden.are
zmeegrad.are
elves.are
gnoms.are
clans.are
rocks_troll.are
city.are
vampworld.are
labdeath.are
occastle.are
paradox.are
Rai.are
artifact.are
chistil.are
Chisti.are
fairydole.are
valleyoffame.are
les.are
logovo.are
lakmor.are
labirint.are
hospital.are
trancamp.are
homes.are
ingred.are
insects.are
oborotni.are
dogwar.are
hall.are
tilbo.are
house.are
crematoriy.are
mu.are
drakon.are
icewind.are
ofcolnew.are
lagernew.are
zomb.are
bolotce.are
$